// Jest Snapshot v1, https://goo.gl/fbAQLP

exports[`Carousel should render the Carousel Component correctly 1`] = `
<Carousel
  axis="horizontal"
  centerSlidePercentage={80}
  interval={3000}
  labels={
    Object {
      "item": "slide item",
      "leftArrow": "previous slide / item",
      "rightArrow": "next slide / item",
    }
  }
  onChange={[Function]}
  onClickItem={[Function]}
  onClickThumb={[Function]}
  onSwipeEnd={[Function]}
  onSwipeMove={[Function]}
  onSwipeStart={[Function]}
  preventMovementUntilSwipeScrollTolerance={false}
  renderArrowNext={[Function]}
  renderArrowPrev={[Function]}
  renderIndicator={[Function]}
  renderItem={[Function]}
  renderThumbs={[Function]}
  selectedItem={0}
  showArrows={true}
  showIndicators={true}
  showStatus={true}
  showThumbs={true}
  statusFormatter={[Function]}
  stopOnHover={true}
  swipeScrollTolerance={5}
  swipeable={true}
  transitionTime={350}
  verticalSwipe="standard"
  width="100%"
>
  <div>
    <img
      src="carousel-1.jpg"
    />
    <p>
      Image 1
    </p>
    <p
      className="legend"
    >
      Legend 1
    </p>
  </div>
  <div>
    <img
      src="carousel-2.jpg"
    />
    <p
      className="legend"
    >
      Legend 2
    </p>
  </div>
  <div>
    <img
      src="carousel-3.jpg"
    />
    <p
      className="legend"
    >
      Legend 3
    </p>
  </div>
</Carousel>
`;
