// Jest Snapshot v1, https://goo.gl/fbAQLP

exports[`Contact should render the Contact Component correctly 1`] = `
<div>
  <div>
    <div
      className="WP"
    >
      <div
        className="WP-container"
      >
        <h1
          className="WP-text"
        >
          Contact Us
        </h1>
        <p>
          <Link
            className="wordsWP"
            to="/Contact"
          >
            Home 
          </Link>
          /
          <Link
            className="wordsWP"
            to="/Contact"
          >
             Contact
          </Link>
        </p>
      </div>
    </div>
  </div>
  <div
    className="contact"
  >
    <div
      className="container"
    >
      <div
        className="section-header text-center"
      >
        <p
          style={
            Object {
              "color": "red",
              "fontSize": "large",
              "fontWeight": "bold",
              "textAlign": "center",
            }
          }
        >
          Get In Touch
        </p>
        <h2
          style={
            Object {
              "color": "#202C45",
              "fontSize": "40px",
              "fontStyle": "normal",
              "fontWeight": "bolder",
              "textAlign": "center",
            }
          }
        >
          Contact for any query
        </h2>
      </div>
      <div
        className="row"
      >
        <div
          className="Contact-box"
        >
          <div
            className="ContactInfo"
          >
            <div
              className="contact-info"
            >
              <h2>
                Quick Contact Info
              </h2>
              <div
                className="contact-info-item"
              >
                <div
                  className="contact-info-icon"
                >
                  <i
                    className="far fa-clock"
                  />
                </div>
                <div
                  className="contact-info-text"
                >
                  <h3>
                    Opening Hour
                  </h3>
                  <p>
                    Mon - Fri, 8:00 - 9:00
                  </p>
                </div>
              </div>
              <div
                className="contact-info-item"
              >
                <div
                  className="contact-info-icon"
                >
                  <i
                    className="fa fa-phone-alt"
                  />
                </div>
                <div
                  className="contact-info-text"
                >
                  <h3>
                    Call Us
                  </h3>
                  <p>
                    +012 345 6789
                  </p>
                </div>
              </div>
              <div
                className="contact-info-item"
              >
                <div
                  className="contact-info-icon"
                >
                  <i
                    className="far fa-envelope"
                  />
                </div>
                <div
                  className="contact-info-text"
                >
                  <h3>
                    Email Us
                  </h3>
                  <p>
                    info@example.com
                  </p>
                </div>
              </div>
            </div>
          </div>
          <div
            className="ContactForm"
          >
            <div
              className="contact-form"
            >
              <div
                id="success"
              />
              <form
                id="contactForm"
                name="sentMessage"
                novalidate="novalidate"
              >
                <div
                  className="control-group"
                >
                  <input
                    className="formControl"
                    data-validation-required-message="Please enter your name"
                    id="name"
                    placeholder="Your Name"
                    required="required"
                    type="text"
                  />
                  <p
                    className="help-block text-danger"
                  />
                </div>
                <div
                  className="control-group"
                >
                  <input
                    className="formControl"
                    data-validation-required-message="Please enter your email"
                    id="email"
                    placeholder="Your Email"
                    required="required"
                    type="email"
                  />
                  <p
                    className="help-block text-danger"
                  />
                </div>
                <div
                  className="control-group"
                >
                  <input
                    className="formControl"
                    data-validation-required-message="Please enter a subject"
                    id="subject"
                    placeholder="Subject"
                    required="required"
                    type="text"
                  />
                  <p
                    className="help-block text-danger"
                  />
                </div>
                <div
                  className="control-group"
                >
                  <textarea
                    className="formControl"
                    data-validation-required-message="Please enter your message"
                    id="message"
                    placeholder="Message"
                    required="required"
                  />
                  <p
                    className="help-block text-danger"
                  />
                </div>
                <div>
                  <button
                    id="btn-about"
                    type="submit"
                  >
                    Send Message
                  </button>
                </div>
              </form>
            </div>
          </div>
        </div>
        <div
          style={
            Object {
              "margin": "8%",
            }
          }
        >
          <iframe
            frameborder="0"
            src="https://www.google.com/maps/embed?pb=!1m18!1m12!1m3!1d3001156.4288297426!2d-78.01371936852176!3d42.72876761954724!2m3!1f0!2f0!3f0!3m2!1i1024!2i768!4f13.1!3m3!1m2!1s0x4ccc4bf0f123a5a9%3A0xddcfc6c1de189567!2sNew%20York%2C%20USA!5e0!3m2!1sen!2sbd!4v1600663868074!5m2!1sen!2sbd"
            style={
              Object {
                "allowfullscreen": "",
                "ariaHidden": "false",
                "border": "0",
                "tabindex": "0",
              }
            }
          />
        </div>
      </div>
    </div>
  </div>
</div>
`;
