// Jest Snapshot v1, https://goo.gl/fbAQLP

exports[`WashingPoints should render the WashingPoints Component correctly 1`] = `ShallowWrapper {}`;
