// Jest Snapshot v1, https://goo.gl/fbAQLP

exports[`TopBar should render the TopBar Component correctly 1`] = `
<div
  className="topbar"
>
  <div
    style={
      Object {
        "marginLeft": "-6%",
        "marginTop": "1%",
      }
    }
  >
    <span
      id="logo-1"
    >
      Auto
    </span>
    <span
      id="logo-2"
    >
      Wash
    </span>
  </div>
  <div
    className="topbar-main"
  >
    <div
      className="topbar-content-main"
    >
      <img
        height="35px"
        src="clock.png"
        style={
          Object {
            "marginTop": "20%",
          }
        }
        width="35px"
      />
      <div
        className="topbar-content"
      >
        <h3
          style={
            Object {
              "marginBottom": "0px",
            }
          }
        >
          Opening Hour
        </h3>
        <p
          style={
            Object {
              "width": "150px",
            }
          }
        >
          Mon - Fri, 8.00 - 9.00
        </p>
      </div>
    </div>
    <div
      className="topbar-content-main"
    >
      <img
        height="35px"
        src="phone-call.png"
        style={
          Object {
            "marginTop": "20%",
          }
        }
        width="35px"
      />
      <div
        className="topbar-content"
      >
        <h3
          style={
            Object {
              "marginBottom": "0px",
            }
          }
        >
          Call Us
        </h3>
        <p
          style={
            Object {
              "width": "150px",
            }
          }
        >
          +012 345 6789
        </p>
      </div>
    </div>
    <div
      className="topbar-content-main"
      style={
        Object {
          "marginLeft": "2%",
        }
      }
    >
      <img
        height="35px"
        src="email.png"
        style={
          Object {
            "marginTop": "20%",
          }
        }
        width="35px"
      />
      <div
        className="topbar-content"
      >
        <h3
          style={
            Object {
              "marginBottom": "0px",
            }
          }
        >
          Email Us
        </h3>
        <p
          style={
            Object {
              "width": "150px",
            }
          }
        >
          info@example.com
        </p>
      </div>
    </div>
  </div>
</div>
`;
