// Jest Snapshot v1, https://goo.gl/fbAQLP

exports[`App should render the App Component correctly 1`] = `
<div>
  <BrowserRouter>
    <TopBar />
    <Header />
    <Switch>
      <Route
        component={[Function]}
        exact={true}
        path="/"
      />
      <Route
        component={[Function]}
        path="/about"
      />
      <Route
        component={[Function]}
        path="/Price"
      />
      <Route
        component={[Function]}
        path="/Washing Points"
      />
      <Route
        component={[Function]}
        path="/Contact"
      />
      <Route
        component={[Function]}
        path="/Service"
      />
    </Switch>
    <Footer />
    <button
      id="mybtn"
      onClick={[Function]}
    >
      <i
        className="fa fa-chevron-up"
      />
    </button>
  </BrowserRouter>
</div>
`;
