// Jest Snapshot v1, https://goo.gl/fbAQLP

exports[`Header should render the Header Component correctly 1`] = `
<div>
  <Sticky
    className="sticky"
    stickyClassName="sticky"
    stickyStyle={Object {}}
    wrapperClassName=""
  >
    <div
      className="header"
    >
      <div
        className="main"
      >
        <div
          className="H-container"
        >
          <p>
            <Link
              className="words"
              to="/"
            >
               Home 
            </Link>
          </p>
          <p>
            <Link
              className="words"
              to="/about"
            >
               About 
            </Link>
          </p>
          <p>
            <Link
              className="words"
              to="/Service"
            >
               Service 
            </Link>
          </p>
          <p>
            <Link
              className="words"
              to="/Price"
            >
               Price 
            </Link>
          </p>
          <p>
            <Link
              className="words"
              to="/Washing Points"
            >
               Washing Points 
            </Link>
          </p>
          <p
            className="dropdown"
          >
            <Link
              className="words"
              to="/Pages"
            >
              Pages
              <i
                className="fa fa-caret-down"
                id="caret-down"
              />
            </Link>
            <div
              className="dropdown-content"
            >
              <p>
                Blog Grid
              </p>
              <p>
                Detail Page
              </p>
              <p>
                Team Member
              </p>
              <p>
                Schedule Booking
              </p>
            </div>
          </p>
          <p>
            <Link
              className="words"
              to="/Contact"
            >
               Contact 
            </Link>
          </p>
        </div>
        <div>
          <button
            id="btn"
          >
            Get Appointment
          </button>
        </div>
      </div>
    </div>
  </Sticky>
</div>
`;
